// Jest Snapshot v1, https://goo.gl/fbAQLP

exports[`should render expense item with data 1`] = `
<div>
  <Link
    replace={false}
    to="/edit/undefined"
  />
   
</div>
`;
